<html>
<body>
<pre>
<h1>µVision Build Log</h1>
<h2>Project:</h2>
S:\coe718\project\mediacenterproject.uvproj
Project File Date:  11/04/2018

<h2>Output:</h2>
Rebuild target 'LPC1700'
assembling startup_LPC17xx.s...
compiling system_LPC17xx.c...
compiling core_cm3.c...
compiling mainmenu.c...
KBD.h(34): warning:  #1-D: last line of file ends without a newline
  #endif 
usbdmain.h(6): warning:  #1-D: last line of file ends without a newline
  #endif
photogallery.h(6): warning:  #1-D: last line of file ends without a newline
  #endif
mainmenu.c(124): warning:  #1-D: last line of file ends without a newline
  }
mainmenu.c: 4 warnings, 0 errors
compiling GLCD_SPI_LPC1700.c...
compiling IRQ.c...
compiling KBD.c...
KBD.h(34): warning:  #1-D: last line of file ends without a newline
  #endif 
KBD.c: 1 warning, 0 errors
compiling LED.c...
compiling ADC.c...
compiling photogallery.c...
photogallery.h(6): warning:  #1-D: last line of file ends without a newline
  #endif
KBD.h(34): warning:  #1-D: last line of file ends without a newline
  #endif 
photogallery.c: 2 warnings, 0 errors
compiling ARM_Ani_16bpp.c...
compiling Bg_16bpp_b.c...
compiling Bg_16bpp_l.c...
compiling Bg_16bpp_r.c...
compiling Bg_16bpp_t.c...
compiling adcuser.c...
compiling usbcore.c...
compiling usbdesc.c...
compiling usbdmain.c...
KBD.h(34): warning:  #1-D: last line of file ends without a newline
  #endif 
usbdmain.h(6): warning:  #1-D: last line of file ends without a newline
  #endif
usbdmain.c: 2 warnings, 0 errors
compiling usbhw.c...
compiling usbuser.c...
compiling shane.c...
shane.c(7): warning:  #177-D: variable "SHANE_pixel_data" was declared but never referenced
  static const unsigned char SHANE_pixel_data[230 * 209 * 2 + 1] =
shane.c: 1 warning, 0 errors
compiling granny.c...
granny.c(7): warning:  #177-D: variable "GRANNY_pixel_data" was declared but never referenced
  static const unsigned char GRANNY_pixel_data[192 * 192 * 2 + 1] =
granny.c: 1 warning, 0 errors
compiling Lewis.c...
Lewis.c(7): warning:  #177-D: variable "LEWIS_pixel_data" was declared but never referenced
  static const unsigned char LEWIS_pixel_data[234 * 231 * 2 + 1] =
Lewis.c: 1 warning, 0 errors
linking...
Program Size: Code=12084 RO-data=284828 RW-data=116 ZI-data=1348  
".\mediacenterproject.axf" - 0 Error(s), 12 Warning(s).
Load "S:\\coe718\\project\\mediacenterproject.axf" 
Erase Done.
Programming Done.
Verify OK.
</pre>
</body>
</html>
iacenterproject.axf" 
Erase Done.
Programming Done.
Verify OK.
d: 1 information, 0 warning and 13 error messages.
".\mediacenterproject.axf" - 13 Error(s), 7 Warning(s).
Target not created
